76,90 76,89 76,88 76,87 76,86 76,85 76,84 76,83 76,82 76,81 76,80 76,79 77,79 77,78 77,77 77,76 78,76 78,75 78,74 78,73 78,72 78,71 79,71 80,71 81,71 82,71 83,71 84,71 85,71 
47,12 47,13 48,13 
36,6 36,5 36,4 36,3 36,2 36,1 36,0 37,0 38,0 39,0 40,0 41,0 42,0 42,1 42,2 42,3 42,4 42,5 42,6 42,7 42,8 42,9 42,10 42,11 42,12 42,13 42,14 42,15 42,16 42,17 42,18 42,19 43,19 44,19 44,20 44,21 44,22 44,23 43,23 43,24 43,25 
27,7 26,7 25,7 24,7 23,7 22,7 21,7 20,7 19,7 18,7 17,7 16,7 15,7 14,7 14,8 14,9 14,10 13,10 13,11 12,11 12,12 12,13 11,13 10,13 9,13 8,13 7,13 6,13 5,13 4,13 3,13 2,13 1,13 0,13 0,14 0,15 0,16 0,17 0,18 0,19 0,20 0,21 0,22 0,23 0,24 0,25 0,26 0,27 0,28 0,29 0,30 
48,57 48,56 48,55 48,54 48,53 48,52 47,52 47,51 46,51 46,50 46,49 46,48 46,47 46,46 47,46 48,46 49,46 
91,39 91,38 92,38 92,37 92,36 93,36 93,35 93,34 93,33 94,33 94,32 95,32 96,32 97,32 97,31 98,31 98,30 99,30 99,29 99,28 99,27 99,26 99,25 99,24 99,23 99,22 99,21 99,20 99,19 99,18 99,17 99,16 99,15 99,14 99,13 99,12 99,11 99,10 99,9 98,9 97,9 96,9 95,9 
12,28 11,28 11,29 10,29 10,30 9,30 9,31 8,31 8,32 8,33 8,34 8,35 8,36 8,37 8,38 8,39 8,40 8,41 8,42 8,43 8,44 8,45 8,46 8,47 8,48 8,49 8,50 9,50 10,50 
91,18 90,18 89,18 89,19 88,19 88,20 87,20 87,21 86,21 85,21 84,21 83,21 82,21 81,21 80,21 79,21 78,21 77,21 76,21 75,21 74,21 74,22 74,23 74,24 74,25 74,26 73,26 73,27 72,27 71,27 70,27 69,27 69,28 68,28 67,28 66,28 65,28 64,28 63,28 62,28 61,28 61,29 61,30 61,31 
52,97 52,96 52,95 52,94 52,93 52,92 52,91 53,91 53,90 53,89 53,88 53,87 53,86 53,85 53,84 53,83 53,82 53,81 53,80 53,79 53,78 53,77 53,76 53,75 53,74 53,73 53,72 53,71 54,71 55,71 56,71 57,71 58,71 59,71 60,71 61,71 62,71 63,71 64,71 65,71 65,70 66,70 67,70 68,70 
97,90 97,89 97,88 97,87 97,86 96,86 96,85 96,84 95,84 95,83 95,82 95,81 95,80 95,79 95,78 95,77 95,76 95,75 94,75 94,74 94,73 93,73 93,72 92,72 91,72 90,72 89,72 88,72 87,72 86,72 85,72 85,71 84,71 83,71 82,71 81,71 80,71 79,71 78,71 77,71 76,71 75,71 74,71 
22,7 21,7 20,7 19,7 18,7 17,7 17,8 17,9 
99,23 99,24 99,25 99,26 99,27 99,28 99,29 99,30 98,30 98,31 97,31 97,32 96,32 95,32 94,32 94,31 94,30 94,29 94,28 94,27 94,26 94,25 94,24 93,24 92,24 91,24 90,24 89,24 88,24 87,24 86,24 85,24 
27,18 26,18 25,18 24,18 23,18 22,18 21,18 20,18 20,19 20,20 19,20 19,21 18,21 18,22 18,23 18,24 18,25 18,26 18,27 17,27 17,28 17,29 17,30 17,31 17,32 17,33 17,34 17,35 17,36 
97,61 96,61 95,61 94,61 93,61 92,61 91,61 90,61 89,61 88,61 87,61 86,61 85,61 84,61 84,62 84,63 84,64 84,65 84,66 84,67 84,68 84,69 84,70 83,70 82,70 81,70 80,70 80,71 79,71 78,71 78,70 77,70 76,70 75,70 
42,99 42,98 42,97 42,96 41,96 40,96 40,95 40,94 39,94 38,94 38,93 37,93 37,92 37,91 36,91 36,90 36,89 36,88 36,87 35,87 34,87 33,87 32,87 31,87 30,87 29,87 29,86 29,85 29,84 29,83 29,82 29,81 29,80 29,79 29,78 29,77 28,77 27,77 26,77 25,77 24,77 24,76 23,76 
45,52 45,51 45,50 45,49 45,48 45,47 45,46 45,45 45,44 45,43 44,43 44,42 43,42 42,42 41,42 40,42 39,42 39,41 38,41 37,41 36,41 
87,71 87,72 87,73 87,74 87,75 87,76 87,77 87,78 87,79 87,80 87,81 87,82 88,82 89,82 90,82 91,82 92,82 93,82 94,82 95,82 96,82 
36,33 36,32 35,32 35,31 35,30 35,29 35,28 34,28 34,27 34,26 34,25 33,25 32,25 32,24 32,23 32,22 32,21 32,20 32,19 32,18 32,17 31,17 31,16 30,16 30,15 30,14 30,13 30,12 30,11 30,10 30,9 30,8 30,7 30,6 30,5 30,4 30,3 31,3 32,3 
1,73 1,72 1,71 1,70 1,69 1,68 1,67 1,66 1,65 1,64 1,63 2,63 3,63 4,63 5,63 6,63 7,63 8,63 9,63 9,62 9,61 9,60 9,59 9,58 9,57 9,56 9,55 9,54 9,53 10,53 11,53 12,53 13,53 14,53 14,52 14,51 15,51 15,50 15,49 16,49 17,49 18,49 19,49 20,49 21,49 22,49 23,49 23,48 24,48 25,48 
23,56 24,56 25,56 26,56 26,55 27,55 28,55 29,55 29,54 30,54 30,53 31,53 31,52 31,51 31,50 31,49 31,48 31,47 31,46 31,45 31,44 31,43 31,42 31,41 31,40 31,39 31,38 31,37 31,36 31,35 31,34 31,33 31,32 32,32 33,32 34,32 35,32 36,32 37,32 38,32 39,32 40,32 41,32 42,32 43,32 44,32 45,32 45,33 46,33 47,33 
18,11 19,11 19,10 20,10 21,10 22,10 23,10 24,10 25,10 25,11 25,12 25,13 25,14 25,15 24,15 24,16 24,17 23,17 22,17 21,17 21,18 20,18 20,19 20,20 19,20 19,21 18,21 18,22 18,23 18,24 18,25 18,26 18,27 17,27 16,27 16,28 15,28 14,28 13,28 12,28 12,29 12,30 12,31 12,32 12,33 12,34 12,35 
76,44 75,44 75,45 74,45 73,45 72,45 71,45 70,45 69,45 68,45 67,45 66,45 65,45 64,45 64,46 64,47 64,48 63,48 63,49 63,50 63,51 62,51 62,52 61,52 61,53 61,54 61,55 61,56 61,57 61,58 61,59 61,60 61,61 61,62 61,63 60,63 59,63 59,64 58,64 57,64 57,65 56,65 55,65 55,66 54,66 53,66 53,65 52,65 51,65 50,65 49,65 48,65 
54,8 54,9 54,10 54,11 54,12 54,13 55,13 55,14 55,15 55,16 55,17 55,18 55,19 56,19 57,19 58,19 59,19 60,19 61,19 62,19 63,19 64,19 65,19 66,19 67,19 68,19 69,19 69,20 70,20 71,20 72,20 73,20 74,20 74,21 74,22 74,23 74,24 74,25 74,26 75,26 76,26 77,26 78,26 79,26 80,26 
3,11 3,12 3,13 4,13 5,13 6,13 7,13 8,13 9,13 10,13 11,13 12,13 12,12 12,11 13,11 14,11 15,11 16,11 17,11 18,11 19,11 19,10 20,10 21,10 22,10 23,10 24,10 25,10 25,11 25,12 25,13 25,14 25,15 25,16 25,17 25,18 25,19 25,20 25,21 25,22 25,23 25,24 25,25 26,25 
72,19 72,18 72,17 72,16 72,15 72,14 73,14 73,13 73,12 
6,42 6,43 6,44 6,45 6,46 6,47 6,48 6,49 6,50 6,51 6,52 6,53 6,54 6,55 7,55 7,56 8,56 9,56 10,56 11,56 12,56 13,56 14,56 14,57 15,57 16,57 17,57 18,57 
0,89 0,90 1,90 2,90 3,90 4,90 5,90 6,90 6,89 7,89 7,88 8,88 8,87 8,86 8,85 8,84 8,83 
72,57 72,56 72,55 72,54 72,53 72,52 72,51 72,50 71,50 70,50 70,49 69,49 68,49 68,48 68,47 68,46 68,45 68,44 68,43 68,42 68,41 68,40 68,39 68,38 68,37 68,36 69,36 69,35 70,35 70,34 70,33 70,32 
57,37 57,36 57,35 57,34 57,33 56,33 56,32 55,32 54,32 54,31 53,31 52,31 51,31 50,31 49,31 48,31 47,31 46,31 46,30 45,30 45,29 45,28 45,27 45,26 45,25 45,24 45,23 45,22 45,21 45,20 45,19 45,18 44,18 43,18 42,18 41,18 40,18 39,18 38,18 37,18 36,18 35,18 34,18 33,18 32,18 32,17 31,17 31,16 30,16 30,15 30,14 30,13 29,13 28,13 27,13 
61,58 61,59 61,60 61,61 61,62 61,63 60,63 59,63 59,64 58,64 57,64 57,65 56,65 55,65 55,66 54,66 54,67 54,68 54,69 54,70 54,71 54,72 54,73 54,74 54,75 54,76 54,77 54,78 54,79 54,80 54,81 54,82 54,83 54,84 54,85 54,86 55,86 
80,10 80,11 80,12 80,13 80,14 80,15 80,16 80,17 80,18 80,19 80,20 80,21 81,21 82,21 83,21 84,21 85,21 86,21 87,21 
55,42 54,42 53,42 52,42 51,42 50,42 49,42 48,42 47,42 47,43 46,43 46,44 46,45 46,46 46,47 46,48 46,49 46,50 46,51 46,52 46,53 46,54 46,55 46,56 46,57 46,58 46,59 46,60 46,61 46,62 46,63 46,64 47,64 48,64 49,64 
8,53 8,54 8,55 8,56 8,57 8,58 8,59 8,60 8,61 9,61 9,62 9,63 8,63 7,63 6,63 5,63 4,63 3,63 2,63 1,63 
19,21 19,22 19,23 20,23 21,23 22,23 23,23 24,23 25,23 
30,76 30,75 30,74 30,73 30,72 30,71 30,70 30,69 30,68 30,67 30,66 30,65 30,64 30,63 30,62 30,61 30,60 30,59 30,58 30,57 31,57 31,56 31,55 31,54 31,53 31,52 31,51 32,51 33,51 
46,11 45,11 44,11 43,11 42,11 41,11 40,11 40,12 39,12 39,13 38,13 38,14 38,15 37,15 37,16 36,16 36,17 35,17 35,18 34,18 33,18 32,18 32,17 31,17 31,16 30,16 30,15 30,14 30,13 30,12 29,12 28,12 27,12 26,12 25,12 
69,46 69,45 69,44 69,43 69,42 69,41 69,40 69,39 69,38 68,38 68,37 68,36 67,36 67,35 67,34 67,33 66,33 65,33 64,33 63,33 62,33 61,33 60,33 59,33 58,33 57,33 56,33 56,32 55,32 54,32 54,31 53,31 52,31 51,31 50,31 49,31 48,31 47,31 46,31 46,30 45,30 45,29 45,28 45,27 45,26 45,25 44,25 
63,39 63,40 64,40 64,41 65,41 66,41 66,42 67,42 68,42 68,43 69,43 70,43 71,43 72,43 73,43 74,43 75,43 75,44 76,44 77,44 78,44 78,45 79,45 79,46 79,47 79,48 80,48 80,49 80,50 80,51 80,52 80,53 80,54 80,55 81,55 81,56 81,57 82,57 82,58 82,59 82,60 82,61 83,61 84,61 85,61 86,61 87,61 
19,48 19,49 20,49 21,49 22,49 23,49 23,48 23,47 23,46 23,45 23,44 23,43 23,42 23,41 23,40 24,40 24,39 24,38 24,37 24,36 24,35 24,34 24,33 25,33 26,33 27,33 28,33 29,33 30,33 30,32 31,32 
89,21 89,20 89,19 89,18 89,17 89,16 89,15 89,14 89,13 89,12 89,11 89,10 88,10 87,10 86,10 85,10 84,10 83,10 82,10 81,10 80,10 79,10 78,10 77,10 76,10 
51,70 51,69 51,68 51,67 51,66 51,65 51,64 50,64 49,64 48,64 47,64 46,64 45,64 44,64 43,64 42,64 41,64 40,64 39,64 38,64 37,64 36,64 35,64 35,65 34,65 33,65 32,65 31,65 30,65 29,65 29,66 
34,99 33,99 32,99 31,99 30,99 29,99 28,99 28,98 28,97 28,96 28,95 27,95 27,94 26,94 26,93 26,92 26,91 26,90 26,89 26,88 26,87 26,86 26,85 26,84 26,83 26,82 26,81 26,80 26,79 26,78 26,77 25,77 24,77 24,76 24,75 24,74 
80,42 80,41 80,40 81,40 82,40 83,40 84,40 85,40 86,40 87,40 88,40 89,40 90,40 90,39 91,39 91,38 92,38 92,37 92,36 93,36 93,35 93,34 93,33 94,33 94,32 95,32 96,32 97,32 97,31 98,31 98,30 99,30 99,29 99,28 99,27 99,26 99,25 99,24 99,23 99,22 99,21 99,20 99,19 99,18 99,17 98,17 
15,64 15,63 15,62 15,61 15,60 15,59 15,58 15,57 15,56 16,56 17,56 18,56 19,56 20,56 21,56 22,56 23,56 24,56 25,56 26,56 26,55 27,55 28,55 29,55 29,54 30,54 30,53 31,53 31,52 31,51 32,51 
14,36 14,37 14,38 14,39 14,40 14,41 14,42 14,43 14,44 14,45 14,46 14,47 15,47 15,48 15,49 15,50 15,51 15,52 15,53 15,54 16,54 17,54 18,54 
70,93 70,92 70,91 70,90 70,89 70,88 71,88 72,88 72,87 72,86 72,85 72,84 72,83 72,82 72,81 73,81 73,80 73,79 73,78 73,77 74,77 75,77 75,76 75,75 75,74 75,73 75,72 75,71 76,71 77,71 78,71 79,71 80,71 80,70 81,70 82,70 83,70 84,70 84,69 84,68 84,67 85,67 86,67 87,67 88,67 89,67 90,67 91,67 92,67 93,67 
84,37 84,36 84,35 83,35 83,34 83,33 82,33 82,32 82,31 81,31 80,31 80,30 80,29 80,28 80,27 80,26 80,25 80,24 80,23 80,22 80,21 80,20 79,20 78,20 77,20 76,20 75,20 75,19 74,19 73,19 72,19 71,19 70,19 69,19 68,19 67,19 66,19 65,19 64,19 63,19 62,19 61,19 60,19 59,19 58,19 57,19 56,19 56,18 56,17 56,16 56,15 56,14 56,13 
25,3 25,4 25,5 25,6 25,7 25,8 25,9 26,9 27,9 28,9 29,9 30,9 31,9 32,9 
58,99 57,99 56,99 55,99 54,99 53,99 52,99 51,99 50,99 49,99 48,99 47,99 46,99 45,99 44,99 43,99 42,99 41,99 40,99 39,99 38,99 37,99 36,99 35,99 34,99 33,99 32,99 31,99 30,99 29,99 28,99 28,98 28,97 29,97 
71,68 70,68 69,68 68,68 67,68 66,68 65,68 64,68 63,68 62,68 61,68 60,68 60,69 59,69 59,70 58,70 58,71 58,72 58,73 
