60,109 60,108 60,107 60,106 61,106 62,106 63,106 63,105 63,104 63,103 63,102 63,101 63,100 63,99 63,98 63,97 63,96 63,95 63,94 63,93 63,92 63,91 63,90 63,89 64,89 65,89 66,89 67,89 68,89 69,89 70,89 71,89 72,89 73,89 74,89 75,89 76,89 77,89 78,89 79,89 80,89 80,88 80,87 80,86 80,85 81,85 82,85 83,85 84,85 85,85 86,85 87,85 88,85 89,85 
48,15 47,15 46,15 45,15 44,15 43,15 42,15 41,15 40,15 39,15 39,16 38,16 37,16 36,16 36,17 36,18 36,19 36,20 36,21 35,21 35,22 34,22 33,22 32,22 31,22 30,22 29,22 28,22 27,22 27,23 26,23 25,23 24,23 23,23 22,23 22,24 22,25 22,26 22,27 22,28 
51,17 50,17 49,17 49,18 49,19 49,20 48,20 48,21 48,22 48,23 48,24 48,25 
245,249 244,249 243,249 242,249 241,249 240,249 239,249 238,249 237,249 236,249 235,249 235,248 234,248 
152,112 152,111 152,110 152,109 151,109 151,108 151,107 151,106 151,105 151,104 151,103 151,102 150,102 149,102 148,102 147,102 146,102 145,102 144,102 143,102 143,101 142,101 141,101 141,100 140,100 140,99 139,99 138,99 137,99 137,98 137,97 136,97 136,96 135,96 134,96 134,95 133,95 133,94 132,94 132,93 132,92 132,91 132,90 132,89 132,88 132,87 132,86 132,85 132,84 133,84 134,84 134,83 135,83 136,83 137,83 
66,70 66,69 66,68 66,67 66,66 66,65 65,65 64,65 63,65 62,65 61,65 60,65 59,65 58,65 57,65 56,65 55,65 54,65 
0,86 0,87 0,88 0,89 1,89 2,89 3,89 4,89 5,89 6,89 7,89 
180,190 180,191 180,192 180,193 180,194 180,195 180,196 180,197 181,197 182,197 183,197 184,197 185,197 185,198 186,198 186,199 187,199 188,199 188,200 189,200 190,200 191,200 191,201 192,201 192,202 192,203 192,204 192,205 191,205 191,206 190,206 190,207 189,207 189,208 188,208 188,209 187,209 186,209 186,210 186,211 186,212 186,213 186,214 186,215 186,216 186,217 186,218 186,219 
124,0 124,1 124,2 124,3 124,4 124,5 124,6 124,7 124,8 124,9 124,10 124,11 124,12 124,13 124,14 124,15 124,16 124,17 125,17 126,17 127,17 128,17 129,17 130,17 131,17 132,17 133,17 134,17 135,17 136,17 137,17 138,17 139,17 140,17 141,17 142,17 
18,85 18,84 18,83 18,82 18,81 19,81 19,80 19,79 19,78 20,78 21,78 22,78 
126,6 126,7 126,8 126,9 126,10 126,11 126,12 126,13 126,14 126,15 126,16 126,17 126,18 127,18 127,19 128,19 129,19 130,19 131,19 132,19 133,19 134,19 134,20 134,21 134,22 134,23 134,24 134,25 135,25 135,26 135,27 135,28 136,28 137,28 138,28 139,28 140,28 
59,177 59,176 59,175 59,174 59,173 59,172 59,171 59,170 58,170 57,170 56,170 56,169 55,169 54,169 54,168 53,168 53,167 53,166 53,165 53,164 52,164 51,164 50,164 49,164 48,164 47,164 46,164 45,164 44,164 43,164 43,163 42,163 42,162 41,162 41,161 40,161 40,160 39,160 38,160 37,160 36,160 35,160 
0,35 0,34 1,34 2,34 2,33 3,33 4,33 5,33 6,33 7,33 8,33 9,33 9,32 10,32 10,31 11,31 12,31 13,31 14,31 15,31 16,31 17,31 17,30 18,30 19,30 20,30 21,30 22,30 22,29 23,29 24,29 25,29 26,29 27,29 
150,215 149,215 148,215 147,215 146,215 146,216 146,217 146,218 146,219 146,220 146,221 146,222 146,223 146,224 146,225 146,226 146,227 147,227 147,228 147,229 147,230 148,230 149,230 150,230 151,230 152,230 153,230 154,230 155,230 155,231 156,231 156,232 156,233 156,234 156,235 155,235 
216,109 215,109 215,110 215,111 215,112 215,113 215,114 215,115 215,116 215,117 215,118 
128,13 128,14 128,15 128,16 128,17 128,18 128,19 129,19 130,19 131,19 132,19 133,19 134,19 134,20 134,21 134,22 134,23 135,23 136,23 
102,205 102,204 102,203 102,202 102,201 102,200 102,199 102,198 102,197 102,196 102,195 101,195 100,195 99,195 98,195 97,195 96,195 95,195 95,194 95,193 95,192 95,191 95,190 95,189 94,189 94,188 94,187 93,187 
34,18 34,17 34,16 35,16 36,16 37,16 38,16 39,16 39,15 40,15 41,15 42,15 43,15 44,15 45,15 46,15 47,15 48,15 49,15 50,15 51,15 52,15 
148,249 148,248 148,247 148,246 148,245 148,244 148,243 148,242 148,241 148,240 148,239 148,238 148,237 148,236 148,235 148,234 148,233 148,232 148,231 148,230 148,229 148,228 148,227 148,226 148,225 148,224 149,224 150,224 151,224 152,224 153,224 
138,80 138,79 138,78 138,77 138,76 138,75 138,74 139,74 139,73 139,72 139,71 
130,78 130,79 131,79 132,79 133,79 133,80 133,81 134,81 135,81 136,81 137,81 138,81 139,81 140,81 141,81 142,81 143,81 144,81 145,81 146,81 147,81 
5,244 5,243 5,242 5,241 5,240 5,239 5,238 5,237 6,237 6,236 6,235 6,234 6,233 6,232 6,231 6,230 6,229 6,228 7,228 7,227 7,226 8,226 8,225 9,225 10,225 
8,244 9,244 10,244 11,244 11,243 11,242 11,241 11,240 12,240 13,240 14,240 15,240 16,240 17,240 18,240 19,240 20,240 21,240 22,240 23,240 24,240 25,240 26,240 27,240 27,239 28,239 29,239 
23,121 23,120 23,119 23,118 23,117 23,116 23,115 23,114 23,113 23,112 23,111 23,110 23,109 23,108 23,107 23,106 23,105 23,104 22,104 21,104 20,104 19,104 18,104 17,104 16,104 15,104 14,104 13,104 12,104 11,104 10,104 9,104 8,104 7,104 6,104 5,104 4,104 3,104 2,104 1,104 0,104 0,103 0,102 0,101 0,100 
67,37 67,38 67,39 67,40 67,41 67,42 67,43 67,44 67,45 68,45 69,45 70,45 71,45 71,46 71,47 71,48 71,49 71,50 71,51 71,52 71,53 71,54 71,55 71,56 71,57 71,58 71,59 71,60 71,61 71,62 71,63 71,64 72,64 
210,12 209,12 208,12 207,12 206,12 206,13 206,14 205,14 204,14 203,14 202,14 201,14 200,14 199,14 199,15 199,16 
41,47 40,47 40,48 40,49 40,50 40,51 40,52 40,53 40,54 41,54 41,55 42,55 42,56 43,56 44,56 44,57 44,58 44,59 44,60 44,61 44,62 44,63 44,64 44,65 44,66 44,67 44,68 44,69 44,70 44,71 44,72 44,73 44,74 45,74 46,74 47,74 48,74 49,74 49,75 50,75 50,76 51,76 52,76 53,76 54,76 55,76 56,76 57,76 58,76 
203,190 203,189 203,188 203,187 203,186 203,185 203,184 203,183 203,182 203,181 204,181 204,180 204,179 204,178 204,177 204,176 204,175 204,174 205,174 206,174 207,174 208,174 209,174 210,174 211,174 212,174 213,174 214,174 215,174 216,174 216,173 216,172 216,171 216,170 216,169 216,168 216,167 215,167 215,166 215,165 215,164 214,164 213,164 212,164 
114,84 114,83 113,83 113,82 113,81 113,80 113,79 113,78 113,77 112,77 111,77 111,76 111,75 111,74 111,73 111,72 111,71 110,71 110,70 110,69 110,68 110,67 109,67 109,66 108,66 107,66 106,66 105,66 105,65 104,65 104,64 104,63 104,62 104,61 104,60 103,60 102,60 101,60 100,60 99,60 98,60 97,60 96,60 95,60 94,60 
204,116 203,116 202,116 201,116 201,117 201,118 201,119 201,120 201,121 201,122 201,123 201,124 201,125 201,126 201,127 201,128 201,129 201,130 201,131 202,131 
123,240 123,239 123,238 123,237 123,236 123,235 123,234 123,233 123,232 123,231 123,230 123,229 123,228 123,227 123,226 124,226 125,226 126,226 127,226 127,225 128,225 129,225 129,224 130,224 131,224 132,224 133,224 134,224 134,223 135,223 135,222 136,222 136,221 136,220 136,219 136,218 136,217 136,216 135,216 134,216 133,216 132,216 131,216 130,216 130,215 129,215 128,215 127,215 126,215 
178,167 178,166 178,165 178,164 178,163 178,162 178,161 178,160 178,159 178,158 178,157 178,156 178,155 178,154 178,153 178,152 178,151 178,150 177,150 177,149 177,148 177,147 177,146 177,145 177,144 177,143 177,142 177,141 176,141 176,140 176,139 176,138 175,138 174,138 173,138 172,138 171,138 170,138 169,138 168,138 167,138 166,138 165,138 165,137 164,137 163,137 162,137 161,137 160,137 159,137 158,137 157,137 156,137 155,137 154,137 153,137 
191,111 191,110 191,109 191,108 191,107 191,106 191,105 191,104 191,103 191,102 191,101 191,100 191,99 191,98 191,97 191,96 191,95 191,94 191,93 191,92 191,91 191,90 191,89 192,89 193,89 194,89 195,89 196,89 197,89 198,89 199,89 200,89 200,88 201,88 202,88 203,88 204,88 205,88 206,88 207,88 208,88 209,88 210,88 211,88 212,88 
246,139 246,140 246,141 246,142 246,143 246,144 246,145 246,146 246,147 246,148 246,149 246,150 245,150 245,151 244,151 243,151 242,151 241,151 240,151 239,151 239,152 238,152 237,152 236,152 235,152 235,153 234,153 233,153 232,153 231,153 230,153 229,153 228,153 227,153 226,153 225,153 225,154 224,154 223,154 222,154 221,154 220,154 219,154 219,155 219,156 218,156 217,156 
124,41 124,42 125,42 126,42 127,42 128,42 129,42 130,42 131,42 132,42 133,42 133,43 134,43 134,44 134,45 134,46 134,47 134,48 134,49 135,49 136,49 137,49 138,49 139,49 140,49 141,49 142,49 142,50 142,51 143,51 143,52 144,52 
76,99 76,98 76,97 75,97 75,96 74,96 74,95 74,94 74,93 74,92 74,91 74,90 74,89 73,89 72,89 71,89 70,89 69,89 68,89 67,89 66,89 65,89 64,89 63,89 
143,228 143,227 143,226 143,225 143,224 143,223 143,222 143,221 143,220 143,219 143,218 143,217 143,216 142,216 141,216 140,216 139,216 138,216 137,216 136,216 135,216 134,216 133,216 132,216 131,216 130,216 130,215 130,214 130,213 129,213 129,212 128,212 128,211 128,210 127,210 126,210 125,210 124,210 123,210 122,210 121,210 120,210 119,210 118,210 
154,141 154,140 154,139 154,138 154,137 154,136 154,135 153,135 152,135 152,134 151,134 150,134 149,134 148,134 147,134 146,134 145,134 144,134 143,134 142,134 141,134 140,134 140,133 140,132 139,132 139,131 139,130 139,129 139,128 139,127 139,126 138,126 137,126 136,126 135,126 134,126 133,126 133,125 132,125 131,125 131,124 130,124 130,123 130,122 130,121 130,120 130,119 130,118 129,118 128,118 127,118 
62,78 62,77 62,76 62,75 62,74 62,73 62,72 63,72 63,71 63,70 63,69 63,68 63,67 63,66 63,65 63,64 63,63 63,62 63,61 63,60 62,60 62,59 62,58 62,57 62,56 62,55 62,54 62,53 62,52 62,51 62,50 62,49 61,49 60,49 59,49 58,49 57,49 56,49 55,49 54,49 
155,70 155,71 155,72 156,72 157,72 158,72 159,72 159,71 160,71 161,71 162,71 163,71 164,71 164,70 165,70 165,69 166,69 167,69 168,69 169,69 170,69 171,69 172,69 173,69 174,69 175,69 175,70 176,70 177,70 178,70 179,70 180,70 180,69 181,69 182,69 
200,188 199,188 198,188 197,188 196,188 195,188 194,188 193,188 193,189 193,190 193,191 
246,0 247,0 248,0 249,0 249,1 249,2 249,3 249,4 249,5 249,6 249,7 249,8 249,9 249,10 249,11 249,12 249,13 249,14 249,15 249,16 249,17 249,18 249,19 249,20 249,21 249,22 249,23 248,23 248,24 248,25 248,26 
50,23 50,24 50,25 50,26 50,27 50,28 50,29 51,29 51,30 51,31 51,32 51,33 51,34 51,35 51,36 51,37 51,38 52,38 53,38 54,38 55,38 56,38 57,38 58,38 59,38 60,38 60,39 61,39 62,39 63,39 64,39 65,39 66,39 66,40 67,40 67,41 67,42 68,42 69,42 70,42 71,42 72,42 73,42 74,42 75,42 76,42 
114,206 115,206 115,205 115,204 115,203 115,202 115,201 115,200 115,199 115,198 115,197 115,196 115,195 115,194 115,193 115,192 115,191 115,190 116,190 117,190 118,190 119,190 119,189 120,189 120,188 121,188 121,187 121,186 121,185 122,185 122,184 123,184 124,184 124,183 125,183 125,182 
173,210 173,211 173,212 173,213 173,214 174,214 175,214 176,214 177,214 178,214 179,214 180,214 181,214 182,214 183,214 184,214 185,214 186,214 187,214 188,214 189,214 190,214 191,214 192,214 193,214 
205,29 205,28 205,27 205,26 205,25 205,24 205,23 205,22 204,22 203,22 202,22 201,22 200,22 199,22 198,22 197,22 196,22 195,22 195,21 194,21 193,21 192,21 
151,69 151,68 151,67 151,66 151,65 151,64 151,63 151,62 151,61 151,60 150,60 150,59 149,59 149,58 149,57 148,57 147,57 146,57 145,57 144,57 143,57 142,57 142,56 141,56 141,55 140,55 140,54 140,53 139,53 139,52 138,52 137,52 136,52 135,52 134,52 133,52 132,52 131,52 130,52 129,52 128,52 127,52 126,52 126,51 126,50 125,50 125,49 125,48 125,47 125,46 125,45 125,44 125,43 124,43 123,43 122,43 121,43 
167,201 167,200 167,199 166,199 166,198 165,198 165,197 165,196 164,196 164,195 163,195 163,194 162,194 162,193 161,193 161,192 161,191 161,190 161,189 160,189 160,188 160,187 159,187 158,187 157,187 156,187 155,187 154,187 153,187 152,187 151,187 150,187 149,187 148,187 147,187 147,186 146,186 145,186 144,186 143,186 
182,145 182,144 182,143 181,143 180,143 179,143 178,143 178,142 177,142 177,141 176,141 176,140 176,139 176,138 176,137 176,136 176,135 176,134 176,133 175,133 175,132 175,131 174,131 173,131 173,130 173,129 173,128 173,127 173,126 172,126 172,125 172,124 171,124 170,124 169,124 168,124 167,124 166,124 165,124 164,124 163,124 162,124 161,124 161,123 160,123 159,123 159,122 159,121 159,120 159,119 159,118 159,117 159,116 159,115 160,115 161,115 162,115 163,115 164,115 
135,130 134,130 133,130 133,131 132,131 131,131 130,131 129,131 128,131 127,131 127,132 127,133 127,134 127,135 127,136 127,137 126,137 126,138 126,139 126,140 126,141 126,142 125,142 124,142 123,142 123,141 122,141 122,140 121,140 121,139 120,139 120,138 119,138 118,138 117,138 116,138 115,138 114,138 113,138 112,138 111,138 110,138 109,138 108,138 107,138 
148,218 148,217 148,216 148,215 148,214 148,213 148,212 148,211 148,210 148,209 147,209 147,208 147,207 147,206 147,205 147,204 147,203 147,202 147,201 147,200 147,199 147,198 147,197 147,196 147,195 147,194 147,193 146,193 145,193 145,192 145,191 144,191 143,191 142,191 141,191 140,191 139,191 138,191 138,190 137,190 136,190 135,190 135,189 134,189 133,189 132,189 131,189 130,189 129,189 128,189 127,189 
57,35 57,34 57,33 57,32 57,31 57,30 57,29 57,28 57,27 57,26 58,26 58,25 58,24 59,24 60,24 61,24 62,24 63,24 64,24 65,24 66,24 67,24 68,24 69,24 70,24 70,23 70,22 70,21 70,20 70,19 70,18 70,17 70,16 70,15 71,15 72,15 73,15 74,15 75,15 76,15 76,14 76,13 76,12 77,12 78,12 79,12 80,12 81,12 82,12 83,12 84,12 85,12 86,12 
67,201 68,201 69,201 70,201 71,201 72,201 73,201 74,201 75,201 75,200 76,200 76,199 77,199 78,199 78,198 79,198 80,198 80,197 81,197 81,196 82,196 83,196 84,196 85,196 86,196 87,196 88,196 89,196 90,196 91,196 92,196 93,196 94,196 95,196 96,196 
172,110 172,109 172,108 172,107 172,106 172,105 171,105 170,105 169,105 168,105 167,105 166,105 166,104 166,103 166,102 166,101 166,100 166,99 166,98 166,97 165,97 164,97 163,97 163,96 162,96 162,95 162,94 162,93 162,92 162,91 162,90 162,89 161,89 160,89 159,89 158,89 158,88 157,88 156,88 155,88 154,88 153,88 152,88 151,88 
6,229 6,230 7,230 8,230 9,230 10,230 10,231 11,231 12,231 12,232 12,233 13,233 14,233 15,233 16,233 17,233 18,233 19,233 20,233 21,233 22,233 23,233 24,233 25,233 26,233 27,233 28,233 29,233 30,233 31,233 32,233 
169,159 170,159 170,160 170,161 170,162 170,163 170,164 170,165 170,166 171,166 171,167 172,167 173,167 173,168 174,168 174,169 175,169 176,169 176,170 177,170 177,171 177,172 178,172 179,172 180,172 181,172 182,172 182,173 183,173 183,174 184,174 184,175 185,175 185,176 185,177 186,177 186,178 187,178 187,179 188,179 189,179 190,179 191,179 192,179 193,179 194,179 195,179 
182,191 183,191 183,192 183,193 183,194 183,195 184,195 184,196 184,197 185,197 185,198 186,198 186,199 187,199 188,199 188,200 189,200 190,200 191,200 191,201 192,201 192,202 192,203 192,204 192,205 191,205 191,206 190,206 190,207 189,207 189,208 188,208 188,209 187,209 186,209 185,209 184,209 183,209 182,209 181,209 180,209 180,210 180,211 180,212 179,212 179,213 178,213 177,213 176,213 175,213 174,213 173,213 172,213 171,213 170,213 169,213 168,213 167,213 166,213 165,213 164,213 163,213 162,213 161,213 160,213 159,213 159,214 158,214 158,215 157,215 157,216 
219,108 219,107 219,106 219,105 220,105 221,105 221,104 221,103 222,103 222,102 222,101 222,100 223,100 224,100 225,100 226,100 227,100 228,100 229,100 230,100 231,100 232,100 
78,39 78,38 78,37 78,36 78,35 78,34 78,33 78,32 78,31 78,30 78,29 78,28 78,27 78,26 78,25 78,24 78,23 77,23 76,23 76,22 75,22 75,21 75,20 75,19 75,18 75,17 75,16 75,15 74,15 73,15 72,15 72,14 72,13 71,13 70,13 69,13 68,13 67,13 66,13 65,13 64,13 63,13 62,13 61,13 60,13 59,13 58,13 57,13 56,13 55,13 54,13 53,13 
19,20 20,20 20,21 20,22 20,23 20,24 20,25 20,26 20,27 20,28 20,29 20,30 21,30 22,30 23,30 24,30 25,30 26,30 27,30 28,30 29,30 30,30 31,30 32,30 33,30 34,30 34,31 35,31 35,32 35,33 35,34 36,34 36,35 36,36 36,37 36,38 36,39 36,40 36,41 36,42 36,43 37,43 38,43 39,43 40,43 41,43 42,43 43,43 44,43 45,43 46,43 47,43 48,43 48,42 48,41 48,40 48,39 48,38 48,37 48,36 49,36 
26,89 26,90 26,91 26,92 26,93 26,94 27,94 28,94 29,94 30,94 31,94 32,94 33,94 34,94 35,94 35,93 36,93 37,93 37,92 38,92 38,91 39,91 40,91 41,91 42,91 42,90 42,89 43,89 44,89 44,88 44,87 45,87 45,86 46,86 47,86 
2,172 2,171 2,170 2,169 2,168 2,167 2,166 2,165 2,164 2,163 2,162 2,161 2,160 2,159 2,158 2,157 2,156 2,155 2,154 2,153 2,152 1,152 1,151 1,150 0,150 0,149 0,148 0,147 0,146 0,145 0,144 0,143 0,142 1,142 
62,14 61,14 60,14 60,15 60,16 60,17 60,18 60,19 60,20 60,21 60,22 60,23 60,24 
27,134 27,133 27,132 27,131 27,130 27,129 27,128 27,127 27,126 27,125 27,124 27,123 27,122 27,121 27,120 27,119 26,119 25,119 24,119 23,119 22,119 21,119 20,119 19,119 18,119 17,119 16,119 15,119 14,119 13,119 12,119 
1,123 1,122 1,121 1,120 1,119 1,118 1,117 1,116 0,116 0,115 0,114 0,113 0,112 0,111 0,110 
243,10 242,10 241,10 240,10 239,10 238,10 237,10 236,10 235,10 234,10 233,10 232,10 231,10 230,10 230,11 230,12 230,13 230,14 229,14 229,15 228,15 228,16 228,17 228,18 228,19 228,20 228,21 228,22 228,23 228,24 228,25 228,26 228,27 228,28 228,29 228,30 227,30 227,31 226,31 226,32 225,32 224,32 223,32 222,32 221,32 220,32 219,32 218,32 218,33 218,34 218,35 218,36 218,37 218,38 
201,105 201,104 201,103 201,102 201,101 201,100 200,100 200,99 200,98 200,97 200,96 200,95 200,94 199,94 198,94 197,94 196,94 195,94 195,93 194,93 193,93 192,93 191,93 191,92 190,92 189,92 188,92 187,92 186,92 
103,218 102,218 101,218 100,218 99,218 98,218 98,219 98,220 97,220 96,220 95,220 94,220 93,220 92,220 91,220 90,220 89,220 88,220 87,220 86,220 86,221 85,221 85,222 84,222 83,222 82,222 82,223 82,224 82,225 82,226 82,227 82,228 82,229 82,230 82,231 82,232 82,233 82,234 83,234 84,234 85,234 
109,70 109,69 109,68 109,67 109,66 108,66 107,66 106,66 105,66 105,65 104,65 104,64 104,63 104,62 104,61 104,60 104,59 104,58 104,57 104,56 104,55 104,54 105,54 106,54 107,54 
114,59 114,58 114,57 114,56 114,55 114,54 114,53 114,52 114,51 114,50 114,49 114,48 114,47 114,46 114,45 114,44 114,43 114,42 115,42 116,42 117,42 118,42 119,42 120,42 121,42 122,42 123,42 124,42 125,42 126,42 127,42 128,42 129,42 130,42 
221,177 220,177 219,177 218,177 217,177 217,178 217,179 217,180 216,180 216,181 215,181 215,182 215,183 214,183 213,183 212,183 212,184 211,184 210,184 209,184 208,184 207,184 206,184 205,184 204,184 203,184 202,184 201,184 200,184 199,184 199,185 198,185 198,186 197,186 197,187 196,187 196,188 195,188 194,188 193,188 192,188 191,188 191,189 191,190 
54,4 54,5 55,5 56,5 57,5 58,5 59,5 60,5 60,6 60,7 60,8 59,8 59,9 58,9 58,10 57,10 56,10 56,11 55,11 55,12 55,13 55,14 55,15 55,16 55,17 55,18 55,19 55,20 54,20 54,21 
159,40 160,40 161,40 162,40 163,40 164,40 165,40 166,40 166,41 166,42 167,42 167,43 167,44 168,44 169,44 169,45 170,45 170,46 170,47 170,48 171,48 172,48 173,48 174,48 175,48 176,48 177,48 178,48 179,48 180,48 180,49 181,49 182,49 182,50 183,50 183,51 184,51 184,52 184,53 184,54 184,55 184,56 185,56 185,57 186,57 186,58 187,58 
176,223 176,224 177,224 178,224 179,224 179,223 180,223 181,223 182,223 182,222 182,221 182,220 182,219 182,218 182,217 182,216 182,215 183,215 184,215 185,215 186,215 187,215 188,215 189,215 
137,3 137,4 137,5 137,6 137,7 137,8 138,8 138,9 139,9 140,9 140,10 140,11 140,12 140,13 140,14 140,15 140,16 140,17 141,17 142,17 142,18 143,18 144,18 145,18 146,18 146,19 147,19 148,19 149,19 150,19 151,19 152,19 153,19 154,19 155,19 156,19 157,19 
236,224 236,225 236,226 237,226 238,226 238,227 238,228 238,229 238,230 238,231 238,232 238,233 238,234 238,235 239,235 240,235 240,236 241,236 241,237 241,238 241,239 241,240 241,241 241,242 242,242 242,243 242,244 242,245 242,246 243,246 244,246 245,246 246,246 247,246 248,246 249,246 
200,14 200,15 200,16 200,17 200,18 200,19 200,20 200,21 200,22 200,23 200,24 200,25 201,25 201,26 201,27 201,28 201,29 201,30 201,31 202,31 202,32 203,32 203,33 203,34 203,35 203,36 203,37 204,37 205,37 
115,164 115,165 115,166 115,167 115,168 116,168 117,168 118,168 118,169 119,169 120,169 121,169 122,169 123,169 123,170 124,170 125,170 125,171 125,172 126,172 127,172 128,172 129,172 130,172 131,172 132,172 133,172 134,172 135,172 136,172 137,172 138,172 139,172 140,172 141,172 142,172 
194,240 194,239 194,238 194,237 194,236 194,235 194,234 194,233 194,232 194,231 194,230 193,230 192,230 191,230 190,230 189,230 188,230 188,229 187,229 186,229 185,229 184,229 183,229 182,229 181,229 180,229 179,229 178,229 178,230 178,231 178,232 178,233 178,234 178,235 
72,25 72,24 72,23 72,22 72,21 72,20 72,19 72,18 72,17 72,16 72,15 72,14 72,13 72,12 72,11 72,10 72,9 72,8 72,7 72,6 71,6 71,5 71,4 71,3 71,2 71,1 70,1 69,1 68,1 67,1 66,1 65,1 64,1 63,1 62,1 61,1 60,1 59,1 58,1 
23,121 23,120 23,119 23,118 23,117 23,116 23,115 23,114 23,113 23,112 23,111 23,110 23,109 23,108 23,107 22,107 21,107 20,107 19,107 18,107 
145,240 145,239 145,238 145,237 146,237 147,237 147,236 148,236 148,235 148,234 148,233 148,232 148,231 148,230 147,230 146,230 
202,76 201,76 200,76 199,76 198,76 197,76 196,76 195,76 194,76 193,76 192,76 192,77 192,78 192,79 191,79 191,80 191,81 191,82 191,83 191,84 191,85 191,86 191,87 191,88 190,88 189,88 188,88 187,88 186,88 186,89 186,90 186,91 
138,51 138,52 138,53 138,54 138,55 138,56 138,57 138,58 139,58 140,58 141,58 142,58 143,58 144,58 144,59 145,59 145,60 146,60 147,60 148,60 149,60 150,60 151,60 152,60 153,60 154,60 155,60 
166,141 166,142 166,143 166,144 166,145 166,146 166,147 166,148 166,149 166,150 166,151 166,152 166,153 166,154 166,155 166,156 166,157 166,158 166,159 166,160 166,161 166,162 166,163 166,164 166,165 167,165 168,165 169,165 170,165 170,166 171,166 171,167 172,167 173,167 173,168 174,168 175,168 176,168 177,168 178,168 179,168 179,169 180,169 181,169 182,169 183,169 184,169 185,169 186,169 187,169 188,169 189,169 190,169 191,169 192,169 193,169 194,169 195,169 
245,122 244,122 243,122 242,122 241,122 240,122 239,122 238,122 237,122 237,123 236,123 236,124 235,124 234,124 233,124 233,123 233,122 233,121 232,121 232,120 232,119 232,118 232,117 232,116 232,115 231,115 231,114 231,113 231,112 231,111 231,110 231,109 231,108 231,107 230,107 230,106 229,106 228,106 227,106 226,106 226,105 225,105 224,105 
33,227 33,226 33,225 33,224 34,224 35,224 36,224 37,224 38,224 39,224 40,224 41,224 42,224 43,224 44,224 45,224 46,224 47,224 48,224 49,224 50,224 51,224 52,224 53,224 54,224 55,224 56,224 57,224 58,224 
134,108 134,107 134,106 133,106 132,106 131,106 130,106 129,106 128,106 127,106 126,106 125,106 124,106 123,106 122,106 121,106 121,105 120,105 119,105 118,105 118,104 118,103 118,102 118,101 117,101 117,100 117,99 116,99 115,99 115,98 115,97 115,96 115,95 115,94 115,93 115,92 115,91 115,90 115,89 115,88 114,88 114,87 114,86 114,85 114,84 114,83 113,83 113,82 113,81 113,80 113,79 113,78 112,78 111,78 110,78 109,78 108,78 
178,6 178,5 177,5 176,5 175,5 174,5 173,5 172,5 171,5 170,5 169,5 169,6 168,6 167,6 166,6 165,6 
101,10 100,10 99,10 98,10 97,10 96,10 95,10 95,11 95,12 95,13 94,13 94,14 
212,243 212,244 212,245 212,246 212,247 212,248 212,249 213,249 214,249 215,249 216,249 217,249 218,249 219,249 220,249 221,249 221,248 222,248 223,248 224,248 225,248 226,248 227,248 228,248 229,248 230,248 231,248 232,248 233,248 234,248 
66,223 66,222 66,221 67,221 68,221 69,221 70,221 71,221 72,221 73,221 74,221 75,221 76,221 77,221 78,221 79,221 80,221 80,222 81,222 82,222 83,222 84,222 85,222 85,221 86,221 86,220 87,220 
173,205 173,206 174,206 175,206 176,206 177,206 177,207 178,207 179,207 179,208 179,209 180,209 181,209 182,209 183,209 184,209 185,209 186,209 187,209 188,209 188,208 189,208 189,207 190,207 190,206 191,206 191,205 192,205 192,204 192,203 192,202 192,201 192,200 192,199 192,198 192,197 192,196 192,195 192,194 192,193 192,192 192,191 192,190 192,189 192,188 191,188 191,187 190,187 189,187 188,187 187,187 186,187 185,187 184,187 183,187 182,187 181,187 180,187 179,187 178,187 177,187 176,187 
241,157 241,156 241,155 241,154 241,153 241,152 241,151 241,150 240,150 240,149 239,149 239,148 239,147 239,146 239,145 239,144 238,144 237,144 236,144 235,144 234,144 233,144 232,144 232,143 231,143 231,142 231,141 231,140 230,140 230,139 229,139 228,139 228,138 227,138 226,138 226,137 225,137 225,136 225,135 225,134 225,133 224,133 223,133 222,133 221,133 220,133 219,133 218,133 217,133 217,132 216,132 215,132 214,132 214,131 213,131 212,131 
49,48 49,49 49,50 49,51 50,51 51,51 52,51 53,51 54,51 55,51 56,51 57,51 58,51 58,52 58,53 58,54 58,55 59,55 59,56 60,56 60,57 60,58 60,59 60,60 60,61 60,62 60,63 60,64 61,64 62,64 63,64 64,64 65,64 66,64 67,64 68,64 69,64 70,64 71,64 72,64 73,64 74,64 75,64 76,64 77,64 
100,131 99,131 98,131 97,131 96,131 95,131 94,131 93,131 92,131 91,131 90,131 89,131 88,131 88,132 87,132 86,132 86,131 85,131 85,130 85,129 85,128 85,127 85,126 85,125 85,124 85,123 85,122 85,121 84,121 84,120 84,119 84,118 84,117 84,116 84,115 84,114 83,114 82,114 81,114 80,114 79,114 78,114 77,114 
138,152 138,151 138,150 138,149 138,148 138,147 138,146 138,145 138,144 138,143 137,143 136,143 135,143 135,142 134,142 133,142 132,142 131,142 130,142 129,142 128,142 127,142 126,142 125,142 124,142 123,142 122,142 121,142 120,142 119,142 118,142 117,142 116,142 115,142 115,141 114,141 
30,44 29,44 28,44 27,44 27,43 26,43 25,43 24,43 23,43 22,43 21,43 21,42 20,42 19,42 18,42 17,42 16,42 
45,110 45,109 45,108 45,107 45,106 45,105 45,104 46,104 46,103 46,102 46,101 46,100 46,99 46,98 47,98 48,98 
166,178 166,177 166,176 166,175 166,174 167,174 168,174 169,174 169,173 170,173 171,173 172,173 173,173 174,173 175,173 176,173 177,173 177,172 177,171 177,170 177,169 177,168 177,167 177,166 177,165 177,164 177,163 177,162 177,161 178,161 178,160 178,159 178,158 178,157 178,156 178,155 178,154 178,153 177,153 
